auth ok -- firing webapp then game
[webapp2] HTTP 200 @ 00:29:06
[webapp2] runId=75adce83
  status=running phase=0 tokens=0 age=1s
  status=running phase=0 tokens=0 age=9s
  status=running phase=0 tokens=0 age=18s
  status=running phase=0 tokens=0 age=26s
  status=running phase=0 tokens=0 age=34s
  status=running phase=0 tokens=0 age=43s
  status=running phase=0 tokens=0 age=52s
  status=running phase=0 tokens=0 age=60s
  status=running phase=0 tokens=0 age=69s
  status=running phase=0 tokens=0 age=78s
  status=running phase=0 tokens=0 age=87s
  status=running phase=0 tokens=0 age=95s
  status=running phase=0 tokens=0 age=104s
  status=running phase=0 tokens=0 age=112s
  status=running phase=0 tokens=0 age=121s
  status=running phase=0 tokens=0 age=129s
  status=running phase=0 tokens=0 age=138s
  status=running phase=0 tokens=0 age=146s
  status=running phase=0 tokens=0 age=155s
  status=running phase=0 tokens=0 age=163s
  status=running phase=0 tokens=0 age=172s
  status=running phase=0 tokens=0 age=180s
  status=running phase=0 tokens=0 age=189s
  status=running phase=0 tokens=0 age=197s
  status=running phase=0 tokens=0 age=206s
  status=running phase=0 tokens=0 age=214s
  status=running phase=0 tokens=0 age=223s
  status=running phase=0 tokens=0 age=231s
  status=running phase=0 tokens=0 age=240s
  status=running phase=0 tokens=0 age=248s
  status=running phase=0 tokens=0 age=256s
  status=running phase=0 tokens=0 age=265s
  status=running phase=0 tokens=0 age=273s
  status=running phase=0 tokens=0 age=282s
  status=running phase=0 tokens=0 age=290s
  status=running phase=0 tokens=0 age=299s
  status=running phase=0 tokens=0 age=307s
  status=running phase=0 tokens=0 age=316s
  status=running phase=0 tokens=0 age=324s
  status=running phase=0 tokens=0 age=333s
  status=running phase=0 tokens=0 age=341s
  status=running phase=0 tokens=0 age=350s
  status=running phase=0 tokens=0 age=358s
  status=running phase=0 tokens=0 age=367s
  status=running phase=0 tokens=0 age=375s
  status=running phase=0 tokens=0 age=383s
  status=running phase=0 tokens=0 age=392s
  status=running phase=0 tokens=0 age=400s
  status=running phase=0 tokens=0 age=409s
  status=running phase=0 tokens=0 age=417s
  status=running phase=0 tokens=0 age=426s
  status=running phase=0 tokens=0 age=434s
  status=running phase=0 tokens=0 age=443s
  status=running phase=0 tokens=0 age=451s
  status=running phase=0 tokens=0 age=460s
  status=running phase=0 tokens=0 age=468s
  status=running phase=0 tokens=0 age=477s
  status=running phase=0 tokens=0 age=485s
  status=running phase=0 tokens=0 age=493s
  status=running phase=0 tokens=0 age=502s
  status=running phase=0 tokens=0 age=510s
  status=running phase=0 tokens=0 age=519s
  status=running phase=0 tokens=0 age=527s
  status=running phase=0 tokens=0 age=536s
  PREVIEW @ 9m04s --> https://sb-2xfjp2gx2wax.vercel.run
  status=running phase=0 tokens=0 age=544s
  status=done phase=0 tokens=149275 age=553s

=== webapp2 DONE === first-preview:9m04s total:9m04s tokens:149275 status:done
[game2] HTTP 200 @ 00:38:20
[game2] runId=334187a5
  status=running phase=0 tokens=0 age=1s
  status=running phase=0 tokens=0 age=9s
  status=running phase=0 tokens=0 age=17s
  status=running phase=0 tokens=0 age=26s
  status=running phase=0 tokens=0 age=34s
  status=running phase=0 tokens=0 age=43s
  status=running phase=0 tokens=0 age=51s
  status=running phase=0 tokens=0 age=60s
  status=running phase=0 tokens=0 age=68s
  status=running phase=0 tokens=0 age=77s
  status=running phase=0 tokens=0 age=85s
  status=running phase=0 tokens=0 age=93s
  status=running phase=0 tokens=0 age=102s
  status=running phase=0 tokens=0 age=110s
  status=running phase=0 tokens=0 age=119s
  status=running phase=0 tokens=0 age=127s
  status=running phase=0 tokens=0 age=136s
  status=running phase=0 tokens=0 age=144s
  status=running phase=0 tokens=0 age=153s
  status=running phase=0 tokens=0 age=161s
  status=running phase=0 tokens=0 age=170s
  status=running phase=0 tokens=0 age=178s
  status=running phase=0 tokens=0 age=187s
  status=running phase=0 tokens=0 age=195s
  status=running phase=0 tokens=0 age=203s
  status=running phase=0 tokens=0 age=212s
  status=running phase=0 tokens=0 age=220s
  PREVIEW @ 3m42s --> https://sb-7c98njq394km.vercel.run
  status=done phase=0 tokens=83441 age=229s

=== game2 DONE === first-preview:3m42s total:3m43s tokens:83441 status:done

=== FINAL RESULTS ===
WEBAPP: preview=9m04s total=9m04s status=done
GAME:   preview=3m42s total=3m43s status=done
