[15:32:03] 
=== DEEP TEST: webapp ===
[15:32:03] prompt: Build me a task management app with projects, tasks, and a kanban board
[15:32:03] walk-away mode: off
[15:37:22]   stream ended at 5m19s (319s) (runId=73bc434e-b7ce-4dea-97d0-8b412139f492)

=== DEEP TEST: webapp ===
prompt: Build me a task management app with projects, tasks, and a kanban board
walk-away mode: off
  (stream ended early — non-fatal, build continues server-side: terminated)
  stream ended at 6m25s (385s) (runId=2975691a-4362-45a6-bf92-b4d322e2ae4c)

  ── RESULT: webapp ──
  status:            done
  time to preview:   13m05s (785s)
  total build time:  13m07s (787s)
  phases:            0/? completed
  tokens used:       237259
  chained (walkaway): no (single invocation)
  preview url:       null
  event log size:    20
  narrations:        0
[15:57:25] 
  ── RESULT: webapp ──
[15:57:25]   status:            running
[15:57:25]   time to preview:   n/a
[15:57:25]   total build time:  0m00s (0s)
[15:57:25]   phases:            0/? completed
[15:57:25]   tokens used:       0
[15:57:25]   chained (walkaway): no (single invocation)
[15:57:25]   preview url:       null
[15:57:25]   event log size:    7
[15:57:25]   narrations:        0
