[1s] login…
[5s] no welcome modal (cookie worked)
[6s] logged in, chat ready
[8s] submitted game prompt — BUILD STARTED (input busy) ✅
[8s] phase → "Thinking...0s"
[12s] phase → "Thinking...4s"
[32s] phase → "Thinking...1s"
[68s] phase → "Thinking...3s"
[136s] phase → "Thinking...7s"
[140s] phase → "Thinking...11s"
[144s] phase → "Thinking...15s"
[148s] phase → "Thinking...19s"
[152s] phase → "Thinking...23s"
[156s] phase → "Thinking...27s"
[160s] phase → "Thinking...31s"
[164s] phase → "Thinking...35s"
[168s] phase → "Thinking...40s"
[172s] phase → "Thinking...44s"
[176s] phase → "Thinking...48s"
[180s] phase → "Thinking...52s"
[184s] phase → "Thinking...56s"
[188s] phase → "Building your project...1:00"
[192s] phase → "Building your project...1:04"
[196s] PREVIEW LIVE at 196s — https://sb-6ltxkpzfravv.vercel.run…
[196s] build complete (input re-enabled)

================ E2E REPORT ================
kind: game
time-to-preview: 196s
PREVIEW RENDER: RENDERED ✅ (canvas=false, text=100, nodes=7)
total elapsed: 205s
leaked words: NONE ✅
console errors: 4
   • AI communication error: Error: Insufficient Balance
    at https://codemineapp.com/_next/static/chunks/3b5d82393d14f8d2.js?dpl=dpl_Ekhe1NXqeGsnRufWAuqByLDrXWgt:54:70026
    at https://codemineapp.com/_next/static/chunks/3b5d82393d14f8d2.js?dpl=dpl_Ekhe1NXqeGsnRufWAuqByLDrXWgt:54:61310
    at Array.<
   • AI communication error: Error: Insufficient Balance
    at https://codemineapp.com/_next/static/chunks/3b5d82393d14f8d2.js?dpl=dpl_Ekhe1NXqeGsnRufWAuqByLDrXWgt:54:70026
    at https://codemineapp.com/_next/static/chunks/3b5d82393d14f8d2.js?dpl=dpl_Ekhe1NXqeGsnRufWAuqByLDrXWgt:54:61310
    at Array.<
   • AI communication error: Error: Insufficient Balance
    at https://codemineapp.com/_next/static/chunks/3b5d82393d14f8d2.js?dpl=dpl_Ekhe1NXqeGsnRufWAuqByLDrXWgt:54:70026
    at https://codemineapp.com/_next/static/chunks/3b5d82393d14f8d2.js?dpl=dpl_Ekhe1NXqeGsnRufWAuqByLDrXWgt:54:61310
    at Array.<
   • AI communication error: Error: Insufficient Balance
    at https://codemineapp.com/_next/static/chunks/3b5d82393d14f8d2.js?dpl=dpl_Ekhe1NXqeGsnRufWAuqByLDrXWgt:54:70026
    at https://codemineapp.com/_next/static/chunks/3b5d82393d14f8d2.js?dpl=dpl_Ekhe1NXqeGsnRufWAuqByLDrXWgt:54:61310
    at Array.<
failed/404 API requests: 4
   • net::ERR_ABORTED https://codemineapp.com/api/chat
   • net::ERR_ABORTED https://codemineapp.com/api/chat
   • net::ERR_ABORTED https://codemineapp.com/api/chat
   • net::ERR_ABORTED https://codemineapp.com/api/chat
===========================================
