[0s] login…
[7s] no welcome modal (cookie worked)
[8s] logged in, chat ready
[11s] submitted website prompt — BUILD STARTED (input busy) ✅
[11s] phase → "Thinking...1s"
[15s] phase → "Thinking...5s"
[19s] phase → "Thinking...9s"
[23s] phase → "Thinking...13s"
[43s] phase → "Thinking...3s"
[75s] phase → "Thinking...1s"
[144s] phase → "Thinking...5s"
[148s] PREVIEW LIVE at 148s — https://sb-3795ugkvuwv7.vercel.run…
[148s] build complete (input re-enabled)

================ E2E REPORT ================
kind: website
time-to-preview: 148s
PREVIEW RENDER: RENDERED ✅ (canvas=false, text=100, nodes=7)
total elapsed: 156s
leaked words: NONE ✅
console errors: 4
   • AI communication error: Error: Insufficient Balance
    at https://codemineapp.com/_next/static/chunks/3b5d82393d14f8d2.js?dpl=dpl_Ekhe1NXqeGsnRufWAuqByLDrXWgt:54:70026
    at https://codemineapp.com/_next/static/chunks/3b5d82393d14f8d2.js?dpl=dpl_Ekhe1NXqeGsnRufWAuqByLDrXWgt:54:61310
    at Array.<
   • AI communication error: Error: Insufficient Balance
    at https://codemineapp.com/_next/static/chunks/3b5d82393d14f8d2.js?dpl=dpl_Ekhe1NXqeGsnRufWAuqByLDrXWgt:54:70026
    at https://codemineapp.com/_next/static/chunks/3b5d82393d14f8d2.js?dpl=dpl_Ekhe1NXqeGsnRufWAuqByLDrXWgt:54:61310
    at Array.<
   • AI communication error: Error: Insufficient Balance
    at https://codemineapp.com/_next/static/chunks/3b5d82393d14f8d2.js?dpl=dpl_Ekhe1NXqeGsnRufWAuqByLDrXWgt:54:70026
    at https://codemineapp.com/_next/static/chunks/3b5d82393d14f8d2.js?dpl=dpl_Ekhe1NXqeGsnRufWAuqByLDrXWgt:54:61310
    at Array.<
   • AI communication error: Error: Insufficient Balance
    at https://codemineapp.com/_next/static/chunks/3b5d82393d14f8d2.js?dpl=dpl_Ekhe1NXqeGsnRufWAuqByLDrXWgt:54:70026
    at https://codemineapp.com/_next/static/chunks/3b5d82393d14f8d2.js?dpl=dpl_Ekhe1NXqeGsnRufWAuqByLDrXWgt:54:61310
    at Array.<
failed/404 API requests: 4
   • net::ERR_ABORTED https://codemineapp.com/api/chat
   • net::ERR_ABORTED https://codemineapp.com/api/chat
   • net::ERR_ABORTED https://codemineapp.com/api/chat
   • net::ERR_ABORTED https://codemineapp.com/api/chat
===========================================
