[0s] login…
[8s] no welcome modal (cookie worked)
[9s] logged in, chat ready
[18s] clarify → clicked "Skip — just build it"
[20s] submitted game prompt — BUILD STARTED (input busy) ✅
[20s] phase → "Thinking...1s"
[24s] phase → "Thinking...5s"
[28s] phase → "Thinking...9s"
[32s] phase → "Thinking...13s"
[36s] phase → "Thinking...17s"
[40s] phase → "Thinking...21s"
[44s] phase → "Thinking...25s"
[48s] phase → "Thinking...29s"
[52s] phase → "Thinking...33s"
[56s] phase → "Thinking...37s"
[60s] phase → "Thinking...41s"
[64s] phase → "Thinking...45s"
[68s] phase → "Thinking...49s"
[72s] phase → "Thinking...53s"
[76s] phase → "Thinking...57s"
[80s] phase → "Building your project...1:01"
[84s] phase → "Building your project...1:05"
[88s] phase → "Building your project...1:09"
[92s] phase → "Building your project...1:13"
[96s] phase → "Building your project...1:17"
[100s] phase → "Building your project...1:21"
[104s] phase → "Building your project...1:25"
[108s] phase → "Building your project...1:29"
[112s] phase → "Building your project...1:33"
[116s] phase → "Building your project...1:37"
[120s] phase → "Building your project...1:41"
[124s] phase → "Building your project...1:45"
[128s] phase → "Building your project...1:50"
[132s] phase → "Building your project...1:54"
[152s] phase → "Thinking...2s"
[156s] phase → "Thinking...7s"
[160s] phase → "Thinking...11s"
[164s] phase → "Thinking...15s"
[168s] phase → "Thinking...19s"
[265s] phase → "Thinking...2s"
[269s] phase → "Thinking...6s"
[273s] phase → "Thinking...10s"
[277s] phase → "Thinking...14s"
[281s] phase → "Thinking...18s"
[285s] phase → "Thinking...22s"
[289s] phase → "Thinking...26s"
[293s] phase → "Thinking...30s"
[297s] phase → "Thinking...34s"
[301s] phase → "Thinking...38s"

================ E2E REPORT ================
kind: game
time-to-preview: NO PREVIEW (timed out)
PREVIEW RENDER: not checked
total elapsed: 863s
leaked words: NONE ✅
console errors: 72
   • Failed to load resource: net::ERR_HTTP2_PING_FAILED
   • AI communication error: TypeError: network error
   • Failed to load resource: net::ERR_NETWORK_CHANGED
   • Failed to load resource: net::ERR_NETWORK_CHANGED
   • AI communication error: TypeError: Failed to fetch
    at c5.sendMessages (https://codemineapp.com/_next/static/chunks/3b5d82393d14f8d2.js?dpl=dpl_A6WxxywuRtBwAbNRwUARQRzjsaSL:54:54929)
    at async pi.makeRequest (https://codemineapp.com/_next/static/chunks/3b5d82393d14f8d2.js?dpl=dpl_A6WxxywuRtBwA
   • Failed to load resource: net::ERR_NETWORK_CHANGED
   • Failed to load resource: net::ERR_NETWORK_CHANGED
   • Failed to load resource: net::ERR_INTERNET_DISCONNECTED
   • AI communication error: TypeError: Failed to fetch
    at c5.sendMessages (https://codemineapp.com/_next/static/chunks/3b5d82393d14f8d2.js?dpl=dpl_A6WxxywuRtBwAbNRwUARQRzjsaSL:54:54929)
    at async pi.makeRequest (https://codemineapp.com/_next/static/chunks/3b5d82393d14f8d2.js?dpl=dpl_A6WxxywuRtBwA
   • Failed to load resource: net::ERR_INTERNET_DISCONNECTED
   • Failed to load resource: net::ERR_NETWORK_CHANGED
   • Failed to load resource: net::ERR_HTTP2_PING_FAILED
   • AI communication error: TypeError: network error
   • Failed to load resource: net::ERR_NETWORK_CHANGED
   • Failed to load resource: net::ERR_NETWORK_CHANGED
failed/404 API requests: 68
   • net::ERR_HTTP2_PING_FAILED https://codemineapp.com/api/chat
   • net::ERR_NETWORK_CHANGED https://codemineapp.com/api/sandboxes/sbx_pMar7vUM5kZ1UpQ9jKb9EZT75qHE
   • net::ERR_NETWORK_CHANGED https://codemineapp.com/api/chat
   • net::ERR_NETWORK_CHANGED https://codemineapp.com/api/sandboxes/sbx_pMar7vUM5kZ1UpQ9jKb9EZT75qHE
   • net::ERR_NETWORK_CHANGED https://codemineapp.com/api/sandboxes/sbx_pMar7vUM5kZ1UpQ9jKb9EZT75qHE
   • net::ERR_INTERNET_DISCONNECTED https://codemineapp.com/api/chat
   • net::ERR_INTERNET_DISCONNECTED https://codemineapp.com/api/sandboxes/sbx_pMar7vUM5kZ1UpQ9jKb9EZT75qHE
   • net::ERR_NETWORK_CHANGED https://codemineapp.com/api/sandboxes/sbx_pMar7vUM5kZ1UpQ9jKb9EZT75qHE
   • net::ERR_HTTP2_PING_FAILED https://codemineapp.com/api/chat
   • net::ERR_NETWORK_CHANGED https://codemineapp.com/api/sandboxes/sbx_pMar7vUM5kZ1UpQ9jKb9EZT75qHE
   • net::ERR_NETWORK_CHANGED https://codemineapp.com/api/job-status/58c406c6-a572-4f60-8f83-2e9702080dfe
   • net::ERR_INTERNET_DISCONNECTED https://codemineapp.com/api/job-status/58c406c6-a572-4f60-8f83-2e9702080dfe
   • net::ERR_INTERNET_DISCONNECTED https://codemineapp.com/api/sandboxes/sbx_pMar7vUM5kZ1UpQ9jKb9EZT75qHE
   • net::ERR_INTERNET_DISCONNECTED https://codemineapp.com/api/job-status/58c406c6-a572-4f60-8f83-2e9702080dfe
   • net::ERR_INTERNET_DISCONNECTED https://codemineapp.com/api/job-status/58c406c6-a572-4f60-8f83-2e9702080dfe
===========================================
