[1s] login…
[10s] no welcome modal (cookie worked)
[12s] logged in, chat ready
[20s] clarify → clicked "Skip — just build it"
[21s] submitted game prompt — BUILD STARTED (input busy) ✅
[21s] phase → "Thinking...1s"
[25s] phase → "Thinking...5s"
[29s] phase → "Thinking...9s"
[33s] phase → "Thinking...13s"
[37s] phase → "Thinking...17s"
[41s] phase → "Thinking...21s"
[45s] phase → "Thinking...25s"
[49s] phase → "Thinking...29s"
[53s] phase → "Thinking...33s"
[57s] phase → "Thinking...37s"
[61s] phase → "Thinking...41s"
[65s] phase → "Thinking...45s"
[69s] phase → "Thinking...49s"
[73s] phase → "Thinking...53s"
[77s] phase → "Thinking...57s"
[81s] phase → "Building your project...1:01"
[85s] phase → "Building your project...1:05"
[89s] phase → "Building your project...1:09"
[93s] phase → "Building your project...1:14"
[97s] phase → "Building your project...1:18"
[101s] phase → "Building your project...1:22"
[106s] phase → "Building your project...1:26"
[110s] phase → "Building your project...1:30"
[130s] phase → "Thinking...1s"
[134s] phase → "Thinking...5s"
[138s] phase → "Thinking...9s"
[142s] phase → "Thinking...13s"
[146s] phase → "Thinking...17s"
[150s] phase → "Thinking...21s"
[154s] phase → "Thinking...25s"
[158s] phase → "Thinking...29s"
[194s] phase → "Thinking...3s"
[198s] phase → "Thinking...7s"

================ E2E REPORT ================
kind: game
time-to-preview: NO PREVIEW (timed out)
PREVIEW RENDER: not checked
total elapsed: 1504s
leaked words: NONE ✅
console errors: 13
   • Failed to load resource: net::ERR_HTTP2_PING_FAILED
   • AI communication error: TypeError: network error
   • Failed to load resource: net::ERR_TIMED_OUT
   • Failed to load resource: net::ERR_TIMED_OUT
   • AI communication error: TypeError: Failed to fetch
    at c5.sendMessages (https://codemineapp.com/_next/static/chunks/3b5d82393d14f8d2.js?dpl=dpl_A6WxxywuRtBwAbNRwUARQRzjsaSL:54:54929)
    at async pi.makeRequest (https://codemineapp.com/_next/static/chunks/3b5d82393d14f8d2.js?dpl=dpl_A6WxxywuRtBwA
   • Failed to load resource: net::ERR_TIMED_OUT
   • Failed to load resource: net::ERR_NETWORK_IO_SUSPENDED
   • AI communication error: TypeError: network error
   • Failed to load resource: net::ERR_NETWORK_IO_SUSPENDED
   • AI communication error: TypeError: Failed to fetch
    at c5.sendMessages (https://codemineapp.com/_next/static/chunks/3b5d82393d14f8d2.js?dpl=dpl_A6WxxywuRtBwAbNRwUARQRzjsaSL:54:54929)
    at async pi.makeRequest (https://codemineapp.com/_next/static/chunks/3b5d82393d14f8d2.js?dpl=dpl_A6WxxywuRtBwA
   • Failed to load resource: net::ERR_NETWORK_IO_SUSPENDED
   • Failed to load resource: net::ERR_NETWORK_IO_SUSPENDED
   • Failed to load resource: net::ERR_NETWORK_IO_SUSPENDED
failed/404 API requests: 9
   • net::ERR_HTTP2_PING_FAILED https://codemineapp.com/api/chat
   • net::ERR_TIMED_OUT https://codemineapp.com/api/sandboxes/sbx_PHGXep9mOUx0ZGzUrW5WRLGsWZK6
   • net::ERR_TIMED_OUT https://codemineapp.com/api/chat
   • net::ERR_TIMED_OUT https://codemineapp.com/api/sandboxes/sbx_PHGXep9mOUx0ZGzUrW5WRLGsWZK6
   • net::ERR_NETWORK_IO_SUSPENDED https://codemineapp.com/api/chat
   • net::ERR_NETWORK_IO_SUSPENDED https://codemineapp.com/api/chat
   • net::ERR_NETWORK_IO_SUSPENDED https://codemineapp.com/api/sandboxes/sbx_PHGXep9mOUx0ZGzUrW5WRLGsWZK6
   • net::ERR_NETWORK_IO_SUSPENDED https://codemineapp.com/api/job-status/e74d6321-9770-4da4-a00d-a7357cd8d1ff
   • net::ERR_NETWORK_IO_SUSPENDED https://codemineapp.com/api/job-status/e74d6321-9770-4da4-a00d-a7357cd8d1ff
===========================================
