[1s] login…
[10s] no welcome modal (cookie worked)
[13s] logged in, chat ready
[28s] submitted game prompt — BUILD STARTED (input busy) ✅
[28s] phase → "Thinking...0s"
[32s] phase → "Thinking...4s"
[36s] phase → "Thinking...8s"
[40s] phase → "Thinking...12s"
[44s] phase → "Thinking...16s"
[48s] phase → "Thinking...20s"
[52s] phase → "Thinking...24s"
[56s] phase → "Thinking...28s"
[60s] phase → "Thinking...32s"
[64s] phase → "Thinking...36s"
[68s] phase → "Thinking...40s"
[72s] phase → "Thinking...44s"
[76s] phase → "Thinking...48s"
[80s] phase → "Thinking...52s"
[84s] phase → "Thinking...56s"
[88s] phase → "Building your project...1:00"
[92s] phase → "Building your project...1:04"
[96s] phase → "Building your project...1:08"
[100s] phase → "Building your project...1:12"
[104s] phase → "Building your project...1:16"
[108s] phase → "Building your project...1:20"
[112s] phase → "Building your project...1:24"
[116s] phase → "Building your project...1:28"
[120s] phase → "Building your project...1:32"
[124s] phase → "Building your project...1:36"
[128s] phase → "Building your project...1:40"
[132s] phase → "Building your project...1:44"
[136s] phase → "Building your project...1:48"
[140s] phase → "Building your project...1:52"
[145s] phase → "Building your project...1:56"
[149s] phase → "Building your project...2:00"
[153s] phase → "Building your project...2:04"
[157s] phase → "Building your project...2:08"
[161s] phase → "Building your project...2:12"
[165s] phase → "Building your project...2:16"
[169s] phase → "Building your project...2:20"
[173s] phase → "Building your project...2:24"
[177s] phase → "Building your project...2:28"
[181s] phase → "Building your project...2:33"
[185s] phase → "Building your project...2:37"
[189s] phase → "Building your project...2:41"
[193s] phase → "Building your project...2:45"
[197s] phase → "Building your project...2:49"
[201s] phase → "Building your project...2:53"
[205s] phase → "Building your project...2:57"
[209s] phase → "Building your project...3:01"
[213s] phase → "Building your project...3:05"
[217s] phase → "Building your project...3:09"
[221s] phase → "Building your project...3:13"
[225s] phase → "Building your project...3:17"
[229s] phase → "Building your project...3:21"
[233s] PREVIEW LIVE at 233s — https://sb-3p94x473xh6y.vercel.run…
[314s] build complete (input re-enabled)

================ E2E REPORT ================
kind: game
time-to-preview: 233s
PREVIEW RENDER: RENDERED ✅ (canvas=false, text=96, nodes=8)
total elapsed: 322s
leaked words: NONE ✅
console errors: 0
failed/404 API requests: 1
   • net::ERR_ABORTED https://codemineapp.com/api/clarify
===========================================
