[1s] login…
[11s] no welcome modal (cookie worked)
[14s] logged in, chat ready
[23s] clarify → clicked "Skip — just build it"
[25s] submitted game prompt — BUILD STARTED (input busy) ✅
[25s] phase → "Thinking...1s"
[29s] phase → "Thinking...5s"
[33s] phase → "Thinking...9s"
[37s] phase → "Thinking...13s"
[41s] phase → "Thinking...17s"
[45s] phase → "Thinking...21s"
[49s] phase → "Thinking...25s"
[53s] phase → "Thinking...29s"
[57s] phase → "Thinking...33s"
[61s] phase → "Thinking...37s"
[65s] phase → "Thinking...41s"
[69s] phase → "Thinking...45s"
[73s] phase → "Thinking...49s"
[77s] phase → "Thinking...53s"
[81s] phase → "Thinking...57s"
[85s] phase → "Building your project...1:01"
[89s] phase → "Building your project...1:05"
[93s] phase → "Building your project...1:09"
[97s] phase → "Building your project...1:14"
[101s] phase → "Building your project...1:18"
[105s] phase → "Building your project...1:22"
[109s] phase → "Building your project...1:26"
[113s] phase → "Building your project...1:30"
[117s] phase → "Building your project...1:34"
[121s] phase → "Building your project...1:38"
[125s] phase → "Building your project...1:42"
[129s] phase → "Building your project...1:46"
[133s] phase → "Building your project...1:50"
[137s] phase → "Building your project...1:54"
[141s] phase → "Building your project...1:58"
[145s] phase → "Building your project...2:02"
[149s] phase → "Building your project...2:06"
[153s] phase → "Building your project...2:10"
[157s] phase → "Building your project...2:14"
[161s] phase → "Building your project...2:18"
[165s] phase → "Building your project...2:22"
[170s] phase → "Building your project...2:26"
[174s] phase → "Building your project...2:30"
[178s] phase → "Building your project...2:34"
[182s] phase → "Building your project...2:38"
[186s] phase → "Building your project...2:42"
[190s] phase → "Building your project...2:46"
[194s] phase → "Building your project...2:50"
[198s] phase → "Building your project...2:54"
[202s] phase → "Building your project...2:58"
[206s] phase → "Building your project...3:02"
[210s] phase → "Building your project...3:06"
[214s] phase → "Building your project...3:10"
[218s] phase → "Starting preview — this may take up to 30 seconds, please wait."
[286s] PREVIEW LIVE at 286s — https://sb-67ma18dvhkbx.vercel.run…
[290s] build complete (input re-enabled)

================ E2E REPORT ================
kind: game
time-to-preview: 286s
PREVIEW RENDER: RENDERED ✅ (canvas=false, text=99, nodes=8)
total elapsed: 299s
leaked words: NONE ✅
console errors: 0
failed/404 API requests: 0
===========================================
