[1s] login…
[7s] no welcome modal (cookie worked)
[8s] logged in, chat ready
[23s] submitted game prompt — BUILD STARTED (input busy) ✅
[24s] phase → "Thinking...0s"
[28s] phase → "Thinking...4s"
[32s] phase → "Thinking...8s"
[36s] phase → "Thinking...12s"
[40s] phase → "Thinking...16s"
[44s] phase → "Thinking...20s"
[48s] phase → "Thinking...24s"
[52s] phase → "Thinking...28s"
[56s] phase → "Thinking...32s"
[60s] phase → "Thinking...36s"
[64s] phase → "Thinking...40s"
[68s] phase → "Thinking...44s"
[72s] phase → "Thinking...48s"
[76s] phase → "Thinking...52s"
[80s] phase → "Thinking...56s"
[84s] phase → "Building your project...1:00"
[88s] phase → "Building your project...1:04"
[92s] phase → "Building your project...1:08"
[96s] phase → "Building your project...1:12"
[100s] phase → "Building your project...1:16"
[104s] phase → "Building your project...1:20"
[108s] phase → "Building your project...1:24"
[112s] phase → "Building your project...1:28"
[116s] phase → "Building your project...1:32"
[120s] phase → "Building your project...1:36"
[124s] phase → "Building your project...1:40"
[128s] phase → "Building your project...1:44"
[132s] phase → "Building your project...1:48"
[136s] phase → "Building your project...1:52"
[140s] phase → "Building your project...1:56"
[144s] phase → "Building your project...2:00"
[148s] phase → "Building your project...2:04"
[152s] phase → "Building your project...2:08"
[156s] phase → "Building your project...2:12"
[160s] phase → "Building your project...2:16"
[164s] phase → "Building your project...2:20"
[168s] phase → "Building your project...2:24"
[172s] phase → "Building your project...2:29"
[176s] phase → "Building your project...2:33"
[180s] phase → "Building your project...2:37"
[184s] phase → "Building your project...2:41"
[188s] phase → "Building your project...2:45"
[192s] phase → "Building your project...2:49"
[196s] phase → "Building your project...2:53"
[201s] phase → "Building your project...2:57"
[205s] phase → "Building your project...3:01"
[209s] phase → "Building your project...3:05"
[213s] phase → "Building your project...3:09"
[217s] phase → "Building your project...3:13"
[221s] phase → "Building your project...3:17"
[225s] phase → "Building your project...3:21"
[229s] phase → "Building your project...3:25"
[233s] phase → "Building your project...3:29"
[237s] phase → "Building your project...3:33"
[241s] phase → "Building your project...3:37"
[245s] phase → "Building your project...3:41"
[249s] phase → "Starting preview — this may take up to 30 seconds, please wait."
[325s] PREVIEW LIVE at 325s — https://sb-78pxv6ylfmru.vercel.run…
[329s] build complete (input re-enabled)

================ E2E REPORT ================
kind: game
time-to-preview: 325s
PREVIEW RENDER: RENDERED ✅ (canvas=false, text=95, nodes=8)
total elapsed: 338s
leaked words: NONE ✅
console errors: 0
failed/404 API requests: 1
   • net::ERR_ABORTED https://codemineapp.com/api/clarify
===========================================
