[1s] login…
[5s] no welcome modal (cookie worked)
[6s] logged in, chat ready
[21s] submitted game prompt — BUILD STARTED (input busy) ✅
[21s] phase → "Thinking...0s"
[25s] phase → "Thinking...4s"
[29s] phase → "Thinking...8s"
[33s] phase → "Thinking...12s"
[37s] phase → "Thinking...16s"
[41s] phase → "Thinking...20s"
[45s] phase → "Thinking...24s"
[49s] phase → "Thinking...28s"
[53s] phase → "Thinking...32s"
[58s] phase → "Thinking...36s"
[62s] phase → "Thinking...40s"
[66s] phase → "Thinking...44s"
[70s] phase → "Thinking...48s"
[74s] phase → "Thinking...52s"
[78s] phase → "Thinking...56s"
[82s] phase → "Building your project...1:00"
[86s] phase → "Building your project...1:04"
[90s] phase → "Building your project...1:08"
[94s] phase → "Building your project...1:12"
[98s] phase → "Building your project...1:16"
[102s] phase → "Building your project...1:20"
[106s] phase → "Building your project...1:24"
[110s] phase → "Building your project...1:29"
[114s] phase → "Building your project...1:33"
[118s] phase → "Building your project...1:37"
[122s] phase → "Building your project...1:41"
[126s] phase → "Building your project...1:45"
[130s] phase → "Building your project...1:49"
[134s] phase → "Building your project...1:53"
[138s] phase → "Building your project...1:57"
[142s] phase → "Building your project...2:01"
[146s] phase → "Building your project...2:05"
[150s] phase → "Building your project...2:09"
[154s] phase → "Building your project...2:13"
[158s] phase → "Building your project...2:17"
[162s] phase → "Building your project...2:21"
[166s] phase → "Building your project...2:25"
[170s] phase → "Building your project...2:29"
[174s] phase → "Building your project...2:33"
[178s] phase → "Building your project...2:37"
[182s] phase → "Building your project...2:41"
[186s] phase → "Building your project...2:45"
[191s] phase → "Building your project...2:49"
